syscalls.c:47:6:initialise_monitor_handles	0	static
syscalls.c:51:5:_getpid	0	static
syscalls.c:56:5:_kill	8	static
syscalls.c:62:6:_exit	8	static
syscalls.c:68:27:_read	16	static
syscalls.c:87:27:_write	16	static,ignoring_inline_asm
syscalls.c:101:5:_close	0	static
syscalls.c:107:5:_fstat	0	static
syscalls.c:113:5:_isatty	0	static
syscalls.c:118:5:_lseek	0	static
syscalls.c:123:5:_open	0	static
syscalls.c:129:5:_wait	8	static
syscalls.c:135:5:_unlink	8	static
syscalls.c:141:5:_times	0	static
syscalls.c:146:5:_stat	0	static
syscalls.c:152:5:_link	8	static
syscalls.c:158:5:_fork	8	static
syscalls.c:164:5:_execve	8	static
